// Jest Snapshot v1, https://goo.gl/fbAQLP

exports[`Snapshot of tree renders correctly 1`] = `
<Fragment>
  <h1>
    Display Active Users Account Details
  </h1>
  <h3>
    Loading Users...
  </h3>
</Fragment>
`;
